19:37:19  Starting EventNet training: 200 epochs, device=mps
19:37:23  Epoch   1/200  train=1.3644  val=1.2778  acc=0.600
19:37:23    ✓ new best acc=0.600  saved → weights/eventnet_best.pt
19:37:23  Epoch   2/200  train=1.1154
19:37:23  Epoch   3/200  train=0.9689
19:37:23  Epoch   4/200  train=0.9356
19:37:23  Epoch   5/200  train=0.9294  val=1.0667  acc=0.600
19:37:23  Epoch   6/200  train=0.8978
19:37:23  Epoch   7/200  train=0.8899
19:37:23  Epoch   8/200  train=0.8996
19:37:23  Epoch   9/200  train=0.8775
19:37:23  Epoch  10/200  train=0.9026  val=1.0554  acc=0.600
19:37:23  Epoch  11/200  train=0.9008
19:37:23  Epoch  12/200  train=0.9040
19:37:23  Epoch  13/200  train=0.8898
19:37:23  Epoch  14/200  train=0.8849
19:37:23  Epoch  15/200  train=0.8789  val=1.0468  acc=0.600
19:37:23  Epoch  16/200  train=0.8890
19:37:23  Epoch  17/200  train=0.8935
19:37:23  Epoch  18/200  train=0.8849
19:37:23  Epoch  19/200  train=0.8761
19:37:24  Epoch  20/200  train=0.8788  val=1.0342  acc=0.600
19:37:24  Epoch  21/200  train=0.8820
19:37:24  Epoch  22/200  train=0.8672
19:37:24  Epoch  23/200  train=0.8562
19:37:24  Epoch  24/200  train=0.8567
19:37:24  Epoch  25/200  train=0.8620  val=1.0211  acc=0.600
19:37:24  Epoch  26/200  train=0.8483
19:37:24  Epoch  27/200  train=0.8680
19:37:24  Epoch  28/200  train=0.8449
19:37:24  Epoch  29/200  train=0.8456
19:37:24  Epoch  30/200  train=0.8412  val=1.0122  acc=0.600
19:37:24  Epoch  31/200  train=0.8294
19:37:24  Epoch  32/200  train=0.8257
19:37:24  Epoch  33/200  train=0.8427
19:37:24  Epoch  34/200  train=0.8514
19:37:24  Epoch  35/200  train=0.8315  val=0.9916  acc=0.600
19:37:24  Epoch  36/200  train=0.8432
19:37:25  Epoch  37/200  train=0.8403
19:37:25  Epoch  38/200  train=0.8368
19:37:25  Epoch  39/200  train=0.8345
19:37:25  Epoch  40/200  train=0.8208  val=0.9799  acc=0.600
19:37:25  Epoch  41/200  train=0.8300
19:37:25  Epoch  42/200  train=0.8362
19:37:25  Epoch  43/200  train=0.8261
19:37:25  Epoch  44/200  train=0.7942
19:37:25  Epoch  45/200  train=0.8149  val=0.9698  acc=0.600
19:37:25  Epoch  46/200  train=0.8136
19:37:25  Epoch  47/200  train=0.8258
19:37:25  Epoch  48/200  train=0.8173
19:37:25  Epoch  49/200  train=0.8089
19:37:25  Epoch  50/200  train=0.8058  val=0.9583  acc=0.587
19:37:25  Epoch  51/200  train=0.8039
19:37:25  Epoch  52/200  train=0.8098
19:37:25  Epoch  53/200  train=0.8164
19:37:25  Epoch  54/200  train=0.8170
19:37:26  Epoch  55/200  train=0.8133  val=0.9543  acc=0.587
19:37:26  Epoch  56/200  train=0.8046
19:37:26  Epoch  57/200  train=0.8116
19:37:26  Epoch  58/200  train=0.8101
19:37:26  Epoch  59/200  train=0.8068
19:37:26  Epoch  60/200  train=0.8136  val=0.9550  acc=0.587
19:37:26  Epoch  61/200  train=0.8143
19:37:26  Epoch  62/200  train=0.8156
19:37:26  Epoch  63/200  train=0.7981
19:37:26  Epoch  64/200  train=0.7851
19:37:26  Epoch  65/200  train=0.8148  val=0.9440  acc=0.587
19:37:26  Epoch  66/200  train=0.7957
19:37:26  Epoch  67/200  train=0.7785
19:37:26  Epoch  68/200  train=0.7966
19:37:26  Epoch  69/200  train=0.7786
19:37:26  Epoch  70/200  train=0.7956  val=0.9455  acc=0.587
19:37:26  Epoch  71/200  train=0.7839
19:37:26  Epoch  72/200  train=0.7873
19:37:27  Epoch  73/200  train=0.7797
19:37:27  Epoch  74/200  train=0.7916
19:37:27  Epoch  75/200  train=0.7828  val=0.9526  acc=0.587
19:37:27  Epoch  76/200  train=0.7868
19:37:27  Epoch  77/200  train=0.7597
19:37:27  Epoch  78/200  train=0.7655
19:37:27  Epoch  79/200  train=0.7795
19:37:27  Epoch  80/200  train=0.7817  val=0.9431  acc=0.600
19:37:27  Epoch  81/200  train=0.7898
19:37:27  Epoch  82/200  train=0.7866
19:37:27  Epoch  83/200  train=0.7850
19:37:27  Epoch  84/200  train=0.7759
19:37:27  Epoch  85/200  train=0.7638  val=0.9386  acc=0.600
19:37:27  Epoch  86/200  train=0.7608
19:37:27  Epoch  87/200  train=0.7721
19:37:27  Epoch  88/200  train=0.7771
19:37:27  Epoch  89/200  train=0.7850
19:37:28  Epoch  90/200  train=0.7751  val=0.9488  acc=0.587
19:37:28  Epoch  91/200  train=0.7837
19:37:28  Epoch  92/200  train=0.7810
19:37:28  Epoch  93/200  train=0.7687
19:37:28  Epoch  94/200  train=0.7735
19:37:28  Epoch  95/200  train=0.7673  val=0.9429  acc=0.587
19:37:28  Epoch  96/200  train=0.7619
19:37:28  Epoch  97/200  train=0.7756
19:37:28  Epoch  98/200  train=0.7644
19:37:28  Epoch  99/200  train=0.7487
19:37:28  Epoch 100/200  train=0.7580  val=0.9188  acc=0.587
19:37:28  Epoch 101/200  train=0.7692
19:37:28  Epoch 102/200  train=0.7569
19:37:28  Epoch 103/200  train=0.7757
19:37:28  Epoch 104/200  train=0.7783
19:37:28  Epoch 105/200  train=0.7459  val=0.9289  acc=0.587
19:37:28  Epoch 106/200  train=0.7664
19:37:28  Epoch 107/200  train=0.7557
19:37:29  Epoch 108/200  train=0.7621
19:37:29  Epoch 109/200  train=0.7461
19:37:29  Epoch 110/200  train=0.7568  val=0.9209  acc=0.573
19:37:29  Epoch 111/200  train=0.7416
19:37:29  Epoch 112/200  train=0.7259
19:37:29  Epoch 113/200  train=0.7367
19:37:29  Epoch 114/200  train=0.7354
19:37:29  Epoch 115/200  train=0.7406  val=0.9288  acc=0.587
19:37:29  Epoch 116/200  train=0.7166
19:37:29  Epoch 117/200  train=0.7449
19:37:29  Epoch 118/200  train=0.7280
19:37:29  Epoch 119/200  train=0.7247
19:37:29  Epoch 120/200  train=0.7304  val=0.9137  acc=0.587
19:37:29  Epoch 121/200  train=0.7529
19:37:29  Epoch 122/200  train=0.7290
19:37:29  Epoch 123/200  train=0.7183
19:37:29  Epoch 124/200  train=0.7331
19:37:29  Epoch 125/200  train=0.7481  val=0.9204  acc=0.573
19:37:30  Epoch 126/200  train=0.7115
19:37:30  Epoch 127/200  train=0.7366
19:37:30  Epoch 128/200  train=0.7209
19:37:30  Epoch 129/200  train=0.7331
19:37:30  Epoch 130/200  train=0.7313  val=0.9136  acc=0.600
19:37:30  Epoch 131/200  train=0.7232
19:37:30  Epoch 132/200  train=0.7113
19:37:30  Epoch 133/200  train=0.7345
19:37:30  Epoch 134/200  train=0.7412
19:37:30  Epoch 135/200  train=0.7492  val=0.9125  acc=0.600
19:37:30  Epoch 136/200  train=0.6918
19:37:30  Epoch 137/200  train=0.7353
19:37:30  Epoch 138/200  train=0.7356
19:37:30  Epoch 139/200  train=0.7080
19:37:30  Epoch 140/200  train=0.7247  val=0.9039  acc=0.573
19:37:30  Epoch 141/200  train=0.7244
19:37:30  Epoch 142/200  train=0.7274
19:37:31  Epoch 143/200  train=0.7119
19:37:31  Epoch 144/200  train=0.7143
19:37:31  Epoch 145/200  train=0.7427  val=0.9009  acc=0.573
19:37:31  Epoch 146/200  train=0.7074
19:37:31  Epoch 147/200  train=0.7104
19:37:31  Epoch 148/200  train=0.7000
19:37:31  Epoch 149/200  train=0.7041
19:37:31  Epoch 150/200  train=0.7064  val=0.9061  acc=0.587
19:37:31  Epoch 151/200  train=0.7041
19:37:31  Epoch 152/200  train=0.7286
19:37:31  Epoch 153/200  train=0.7087
19:37:31  Epoch 154/200  train=0.7156
19:37:31  Epoch 155/200  train=0.7232  val=0.9007  acc=0.573
19:37:31  Epoch 156/200  train=0.7127
19:37:31  Epoch 157/200  train=0.7056
19:37:31  Epoch 158/200  train=0.6956
19:37:31  Epoch 159/200  train=0.6931
19:37:32  Epoch 160/200  train=0.7236  val=0.8917  acc=0.560
19:37:32  Epoch 161/200  train=0.7012
19:37:32  Epoch 162/200  train=0.7196
19:37:32  Epoch 163/200  train=0.7092
19:37:32  Epoch 164/200  train=0.7215
19:37:32  Epoch 165/200  train=0.7154  val=0.9203  acc=0.573
19:37:32  Epoch 166/200  train=0.6818
19:37:32  Epoch 167/200  train=0.7091
19:37:32  Epoch 168/200  train=0.7200
19:37:32  Epoch 169/200  train=0.7130
19:37:32  Epoch 170/200  train=0.7160  val=0.9126  acc=0.573
19:37:32  Epoch 171/200  train=0.7032
19:37:32  Epoch 172/200  train=0.7028
19:37:32  Epoch 173/200  train=0.6795
19:37:32  Epoch 174/200  train=0.6712
19:37:32  Epoch 175/200  train=0.6879  val=0.8982  acc=0.560
19:37:32  Epoch 176/200  train=0.7169
19:37:32  Epoch 177/200  train=0.6761
19:37:32  Epoch 178/200  train=0.7184
19:37:33  Epoch 179/200  train=0.7062
19:37:33  Epoch 180/200  train=0.6921  val=0.9042  acc=0.573
19:37:33  Epoch 181/200  train=0.6922
19:37:33  Epoch 182/200  train=0.6981
19:37:33  Epoch 183/200  train=0.6966
19:37:33  Epoch 184/200  train=0.6760
19:37:33  Epoch 185/200  train=0.7305  val=0.9039  acc=0.560
19:37:33  Epoch 186/200  train=0.6944
19:37:33  Epoch 187/200  train=0.6877
19:37:33  Epoch 188/200  train=0.6914
19:37:33  Epoch 189/200  train=0.6599
19:37:33  Epoch 190/200  train=0.6666  val=0.9264  acc=0.587
19:37:33  Epoch 191/200  train=0.6905
19:37:33  Epoch 192/200  train=0.7061
19:37:33  Epoch 193/200  train=0.7048
19:37:33  Epoch 194/200  train=0.6963
19:37:33  Epoch 195/200  train=0.7062  val=0.9109  acc=0.560
19:37:34  Epoch 196/200  train=0.7300
19:37:34  Epoch 197/200  train=0.7001
19:37:34  Epoch 198/200  train=0.6838
19:37:34  Epoch 199/200  train=0.7014
19:37:34  Epoch 200/200  train=0.6820  val=0.9086  acc=0.573
19:37:34  Done. Best acc=0.600  weights → weights/eventnet_best.pt
19:48:45  Starting HeatmapEventNet training: 300 epochs, device=mps
19:48:48  Epoch   1/300  train=1.3853  val=1.4132  acc=0.467
19:48:48    ✓ new best acc=0.467  saved → weights/eventnet_best.pt
19:48:48  Epoch   2/300  train=1.3418
19:48:48  Epoch   3/300  train=1.2996
19:48:48  Epoch   4/300  train=1.2640
19:48:49  Epoch   5/300  train=1.2370  val=1.3565  acc=0.547
19:48:49    ✓ new best acc=0.547  saved → weights/eventnet_best.pt
19:48:49  Epoch   6/300  train=1.2371
19:48:49  Epoch   7/300  train=1.1923
19:48:49  Epoch   8/300  train=1.1753
19:48:49  Epoch   9/300  train=1.1686
19:48:49  Epoch  10/300  train=1.1399  val=1.2013  acc=0.640
19:48:49    ✓ new best acc=0.640  saved → weights/eventnet_best.pt
19:48:49  Epoch  11/300  train=1.1410
19:48:50  Epoch  12/300  train=1.0811
19:48:50  Epoch  13/300  train=1.1065
19:48:50  Epoch  14/300  train=1.0844
19:48:50  Epoch  15/300  train=1.0464  val=1.0955  acc=0.720
19:48:50    ✓ new best acc=0.720  saved → weights/eventnet_best.pt
19:48:50  Epoch  16/300  train=1.0382
19:48:50  Epoch  17/300  train=1.0604
19:48:50  Epoch  18/300  train=1.0159
19:48:51  Epoch  19/300  train=0.9796
19:48:51  Epoch  20/300  train=1.0308  val=1.0776  acc=0.747
19:48:51    ✓ new best acc=0.747  saved → weights/eventnet_best.pt
19:48:51  Epoch  21/300  train=0.9729
19:48:51  Epoch  22/300  train=0.9433
19:48:51  Epoch  23/300  train=0.9595
19:48:51  Epoch  24/300  train=0.9278
19:48:52  Epoch  25/300  train=0.9289  val=1.0165  acc=0.680
19:48:52  Epoch  26/300  train=0.9101
19:48:52  Epoch  27/300  train=0.9560
19:48:52  Epoch  28/300  train=0.9333
19:48:52  Epoch  29/300  train=0.8739
19:48:52  Epoch  30/300  train=0.8437  val=0.9875  acc=0.707
19:48:52  Epoch  31/300  train=0.8226
19:48:53  Epoch  32/300  train=0.8149
19:48:53  Epoch  33/300  train=0.8079
19:48:53  Epoch  34/300  train=0.7993
19:48:53  Epoch  35/300  train=0.8537  val=0.9755  acc=0.707
19:48:53  Epoch  36/300  train=0.7618
19:48:53  Epoch  37/300  train=0.7712
19:48:53  Epoch  38/300  train=0.7732
19:48:54  Epoch  39/300  train=0.7398
19:48:54  Epoch  40/300  train=0.7834  val=0.9490  acc=0.640
19:48:54  Epoch  41/300  train=0.7697
19:48:54  Epoch  42/300  train=0.7175
19:48:54  Epoch  43/300  train=0.7489
19:48:54  Epoch  44/300  train=0.7079
19:48:54  Epoch  45/300  train=0.6885  val=0.9154  acc=0.640
19:48:55  Epoch  46/300  train=0.7145
19:48:55  Epoch  47/300  train=0.7397
19:48:55  Epoch  48/300  train=0.7506
19:48:55  Epoch  49/300  train=0.7230
19:48:55  Epoch  50/300  train=0.7049  val=1.0104  acc=0.720
19:48:55  Epoch  51/300  train=0.6384
19:48:55  Epoch  52/300  train=0.6642
19:48:55  Epoch  53/300  train=0.7248
19:48:56  Epoch  54/300  train=0.6920
19:48:56  Epoch  55/300  train=0.6531  val=0.9353  acc=0.667
19:48:56  Epoch  56/300  train=0.6680
19:48:56  Epoch  57/300  train=0.6656
19:48:56  Epoch  58/300  train=0.5815
19:48:56  Epoch  59/300  train=0.5837
19:48:57  Epoch  60/300  train=0.6058  val=0.8835  acc=0.587
19:48:57  Epoch  61/300  train=0.6640
19:48:57  Epoch  62/300  train=0.6029
19:48:57  Epoch  63/300  train=0.6328
19:48:57  Epoch  64/300  train=0.5837
19:48:57  Epoch  65/300  train=0.6236  val=0.8515  acc=0.627
19:48:57  Epoch  66/300  train=0.5790
19:48:57  Epoch  67/300  train=0.5820
19:48:58  Epoch  68/300  train=0.6141
19:48:58  Epoch  69/300  train=0.5666
19:48:58  Epoch  70/300  train=0.5698  val=0.9901  acc=0.733
19:48:58  Epoch  71/300  train=0.6411
19:48:58  Epoch  72/300  train=0.5761
19:48:58  Epoch  73/300  train=0.5830
19:48:58  Epoch  74/300  train=0.5788
19:48:59  Epoch  75/300  train=0.5229  val=0.9640  acc=0.680
19:48:59  Epoch  76/300  train=0.5501
19:48:59  Epoch  77/300  train=0.5542
19:48:59  Epoch  78/300  train=0.5408
19:48:59  Epoch  79/300  train=0.5701
19:48:59  Epoch  80/300  train=0.5705  val=0.9540  acc=0.680
19:48:59  Epoch  81/300  train=0.5554
19:48:59  Epoch  82/300  train=0.5236
19:49:00  Epoch  83/300  train=0.5867
19:49:00  Epoch  84/300  train=0.5755
19:49:00  Epoch  85/300  train=0.5242  val=1.0121  acc=0.680
19:49:00  Epoch  86/300  train=0.5081
19:49:00  Epoch  87/300  train=0.4996
19:49:00  Epoch  88/300  train=0.5238
19:49:01  Epoch  89/300  train=0.5260
19:49:01  Epoch  90/300  train=0.5979  val=0.9856  acc=0.693
19:49:01  Epoch  91/300  train=0.4666
19:49:01  Epoch  92/300  train=0.4794
19:49:01  Epoch  93/300  train=0.4371
19:49:01  Epoch  94/300  train=0.4859
19:49:01  Epoch  95/300  train=0.4784  val=0.9522  acc=0.680
19:49:02  Epoch  96/300  train=0.5202
19:49:02  Epoch  97/300  train=0.4703
19:49:02  Epoch  98/300  train=0.5082
19:49:02  Epoch  99/300  train=0.5189
19:49:02  Epoch 100/300  train=0.4877  val=0.8840  acc=0.667
19:49:02  Epoch 101/300  train=0.4787
19:49:03  Epoch 102/300  train=0.4924
19:49:03  Epoch 103/300  train=0.4093
19:49:03  Epoch 104/300  train=0.4956
19:49:03  Epoch 105/300  train=0.4705  val=1.1192  acc=0.693
19:49:03  Epoch 106/300  train=0.5158
19:49:03  Epoch 107/300  train=0.4683
19:49:03  Epoch 108/300  train=0.4463
19:49:03  Epoch 109/300  train=0.4664
19:49:04  Epoch 110/300  train=0.4337  val=1.0550  acc=0.707
19:49:04  Epoch 111/300  train=0.4425
19:49:04  Epoch 112/300  train=0.4757
19:49:04  Epoch 113/300  train=0.4677
19:49:04  Epoch 114/300  train=0.4732
19:49:04  Epoch 115/300  train=0.4347  val=0.9670  acc=0.693
19:49:04  Epoch 116/300  train=0.4186
19:49:05  Epoch 117/300  train=0.4289
19:49:05  Epoch 118/300  train=0.4212
19:49:05  Epoch 119/300  train=0.4550
19:49:05  Epoch 120/300  train=0.4684  val=0.9426  acc=0.720
19:49:05  Epoch 121/300  train=0.4586
19:49:05  Epoch 122/300  train=0.4184
19:49:06  Epoch 123/300  train=0.4433
19:49:06  Epoch 124/300  train=0.4432
19:49:06  Epoch 125/300  train=0.4402  val=0.9921  acc=0.707
19:49:06  Epoch 126/300  train=0.4191
19:49:06  Epoch 127/300  train=0.3736
19:49:06  Epoch 128/300  train=0.4019
19:49:06  Epoch 129/300  train=0.4634
19:49:07  Epoch 130/300  train=0.4222  val=1.0648  acc=0.707
19:49:07  Epoch 131/300  train=0.3548
19:49:07  Epoch 132/300  train=0.3593
19:49:07  Epoch 133/300  train=0.4112
19:49:07  Epoch 134/300  train=0.4820
19:49:07  Epoch 135/300  train=0.4077  val=0.9019  acc=0.653
19:49:07  Epoch 136/300  train=0.4469
19:49:08  Epoch 137/300  train=0.3947
19:49:08  Epoch 138/300  train=0.4568
19:49:08  Epoch 139/300  train=0.4052
19:49:08  Epoch 140/300  train=0.3875  val=1.0850  acc=0.707
19:49:08  Epoch 141/300  train=0.3853
19:49:08  Epoch 142/300  train=0.3746
19:49:09  Epoch 143/300  train=0.3708
19:49:09  Epoch 144/300  train=0.4200
19:49:09  Epoch 145/300  train=0.3854  val=1.1685  acc=0.707
19:49:09  Epoch 146/300  train=0.3943
19:49:09  Epoch 147/300  train=0.3736
19:49:09  Epoch 148/300  train=0.3890
19:49:09  Epoch 149/300  train=0.3488
19:49:10  Epoch 150/300  train=0.3677  val=1.1080  acc=0.720
19:49:10  Epoch 151/300  train=0.3691
19:49:10  Epoch 152/300  train=0.3881
19:49:10  Epoch 153/300  train=0.3579
19:49:10  Epoch 154/300  train=0.4141
19:49:10  Epoch 155/300  train=0.3821  val=1.0363  acc=0.693
19:49:10  Epoch 156/300  train=0.3962
19:49:11  Epoch 157/300  train=0.4448
19:49:11  Epoch 158/300  train=0.3905
19:49:11  Epoch 159/300  train=0.4327
19:49:11  Epoch 160/300  train=0.3972  val=0.9236  acc=0.627
19:49:11  Epoch 161/300  train=0.4108
19:49:11  Epoch 162/300  train=0.3828
19:49:12  Epoch 163/300  train=0.3510
19:49:12  Epoch 164/300  train=0.4013
19:49:12  Epoch 165/300  train=0.4098  val=1.1035  acc=0.720
19:49:12  Epoch 166/300  train=0.3570
19:49:12  Epoch 167/300  train=0.3836
19:49:12  Epoch 168/300  train=0.3462
19:49:12  Epoch 169/300  train=0.3380
19:49:13  Epoch 170/300  train=0.3756  val=1.1500  acc=0.720
19:49:13  Epoch 171/300  train=0.3890
19:49:13  Epoch 172/300  train=0.4170
19:49:13  Epoch 173/300  train=0.3608
19:49:13  Epoch 174/300  train=0.3831
19:49:13  Epoch 175/300  train=0.3615  val=1.0868  acc=0.707
19:49:13  Epoch 176/300  train=0.3578
19:49:14  Epoch 177/300  train=0.3810
19:49:14  Epoch 178/300  train=0.3783
19:49:14  Epoch 179/300  train=0.3730
19:49:14  Epoch 180/300  train=0.3545  val=1.2053  acc=0.733
19:49:14  Epoch 181/300  train=0.3482
19:49:14  Epoch 182/300  train=0.3554
19:49:15  Epoch 183/300  train=0.4049
19:49:15  Epoch 184/300  train=0.3654
19:49:15  Epoch 185/300  train=0.3504  val=1.1263  acc=0.707
19:49:15  Epoch 186/300  train=0.3813
19:49:15  Epoch 187/300  train=0.3684
19:49:15  Epoch 188/300  train=0.3383
19:49:15  Epoch 189/300  train=0.3242
19:49:16  Epoch 190/300  train=0.3504  val=1.1413  acc=0.720
19:49:16  Epoch 191/300  train=0.3128
19:49:16  Epoch 192/300  train=0.3206
19:49:16  Epoch 193/300  train=0.3560
19:49:16  Epoch 194/300  train=0.3674
19:49:16  Epoch 195/300  train=0.3913  val=1.2007  acc=0.707
19:49:16  Epoch 196/300  train=0.3335
19:49:17  Epoch 197/300  train=0.3148
19:49:17  Epoch 198/300  train=0.3251
19:49:17  Epoch 199/300  train=0.3109
19:49:17  Epoch 200/300  train=0.3155  val=1.2458  acc=0.707
19:49:17  Epoch 201/300  train=0.3267
19:49:17  Epoch 202/300  train=0.3348
19:49:18  Epoch 203/300  train=0.3650
19:49:18  Epoch 204/300  train=0.3596
19:49:18  Epoch 205/300  train=0.3238  val=1.2206  acc=0.707
19:49:18  Epoch 206/300  train=0.3810
19:49:18  Epoch 207/300  train=0.3504
19:49:18  Epoch 208/300  train=0.3073
19:49:18  Epoch 209/300  train=0.3430
19:49:18  Epoch 210/300  train=0.3464  val=1.1580  acc=0.720
19:49:19  Epoch 211/300  train=0.2975
19:49:19  Epoch 212/300  train=0.2888
19:49:19  Epoch 213/300  train=0.3537
19:49:19  Epoch 214/300  train=0.3378
19:49:19  Epoch 215/300  train=0.3314  val=1.1817  acc=0.707
19:49:19  Epoch 216/300  train=0.3517
19:49:20  Epoch 217/300  train=0.3304
19:49:20  Epoch 218/300  train=0.3612
19:49:20  Epoch 219/300  train=0.3273
19:49:20  Epoch 220/300  train=0.3251  val=1.2089  acc=0.707
19:49:20  Epoch 221/300  train=0.3788
19:49:20  Epoch 222/300  train=0.4192
19:49:20  Epoch 223/300  train=0.3414
19:49:21  Epoch 224/300  train=0.3179
19:49:21  Epoch 225/300  train=0.3254  val=1.1287  acc=0.707
19:49:21  Epoch 226/300  train=0.3140
19:49:21  Epoch 227/300  train=0.3120
19:49:21  Epoch 228/300  train=0.2985
19:49:21  Epoch 229/300  train=0.3134
19:49:21  Epoch 230/300  train=0.4295  val=1.1960  acc=0.707
19:49:22  Epoch 231/300  train=0.3122
19:49:22  Epoch 232/300  train=0.3271
19:49:22  Epoch 233/300  train=0.3267
19:49:22  Epoch 234/300  train=0.3069
19:49:22  Epoch 235/300  train=0.3088  val=1.2408  acc=0.707
19:49:22  Epoch 236/300  train=0.3336
19:49:23  Epoch 237/300  train=0.3798
19:49:23  Epoch 238/300  train=0.3439
19:49:23  Epoch 239/300  train=0.2859
19:49:23  Epoch 240/300  train=0.2971  val=1.2451  acc=0.693
19:49:23  Epoch 241/300  train=0.4025
19:49:23  Epoch 242/300  train=0.3014
19:49:23  Epoch 243/300  train=0.3396
19:49:24  Epoch 244/300  train=0.3611
19:49:24  Epoch 245/300  train=0.3040  val=1.3128  acc=0.707
19:49:24  Epoch 246/300  train=0.3207
19:49:24  Epoch 247/300  train=0.3900
19:49:24  Epoch 248/300  train=0.3141
19:49:24  Epoch 249/300  train=0.3444
19:49:24  Epoch 250/300  train=0.3052  val=1.2760  acc=0.707
19:49:25  Epoch 251/300  train=0.3499
19:49:25  Epoch 252/300  train=0.3156
19:49:25  Epoch 253/300  train=0.3450
19:49:25  Epoch 254/300  train=0.3211
19:49:25  Epoch 255/300  train=0.3201  val=1.2637  acc=0.720
19:49:25  Epoch 256/300  train=0.2971
19:49:25  Epoch 257/300  train=0.3323
19:49:26  Epoch 258/300  train=0.3459
19:49:26  Epoch 259/300  train=0.3069
19:49:26  Epoch 260/300  train=0.2859  val=1.2719  acc=0.693
19:49:26  Epoch 261/300  train=0.3147
19:49:26  Epoch 262/300  train=0.3130
19:49:26  Epoch 263/300  train=0.3267
19:49:27  Epoch 264/300  train=0.3341
19:49:27  Epoch 265/300  train=0.3360  val=1.2380  acc=0.693
19:49:27  Epoch 266/300  train=0.2851
19:49:27  Epoch 267/300  train=0.3479
19:49:27  Epoch 268/300  train=0.3068
19:49:27  Epoch 269/300  train=0.3134
19:49:27  Epoch 270/300  train=0.3585  val=1.2673  acc=0.707
19:49:28  Epoch 271/300  train=0.3444
19:49:28  Epoch 272/300  train=0.3395
19:49:28  Epoch 273/300  train=0.3331
19:49:28  Epoch 274/300  train=0.3261
19:49:28  Epoch 275/300  train=0.3449  val=1.2545  acc=0.693
19:49:28  Epoch 276/300  train=0.3092
19:49:29  Epoch 277/300  train=0.3064
19:49:29  Epoch 278/300  train=0.3122
19:49:29  Epoch 279/300  train=0.3177
19:49:29  Epoch 280/300  train=0.3339  val=1.2190  acc=0.707
19:49:29  Epoch 281/300  train=0.3294
19:49:29  Epoch 282/300  train=0.3058
19:49:29  Epoch 283/300  train=0.3222
19:49:30  Epoch 284/300  train=0.3133
19:49:30  Epoch 285/300  train=0.3333  val=1.3177  acc=0.707
19:49:30  Epoch 286/300  train=0.3075
19:49:30  Epoch 287/300  train=0.3205
19:49:30  Epoch 288/300  train=0.3439
19:49:30  Epoch 289/300  train=0.3269
19:49:30  Epoch 290/300  train=0.3088  val=1.2817  acc=0.707
19:49:31  Epoch 291/300  train=0.2824
19:49:31  Epoch 292/300  train=0.3181
19:49:31  Epoch 293/300  train=0.3017
19:49:31  Epoch 294/300  train=0.3313
19:49:31  Epoch 295/300  train=0.3550  val=1.2596  acc=0.707
19:49:31  Epoch 296/300  train=0.3252
19:49:31  Epoch 297/300  train=0.3246
19:49:32  Epoch 298/300  train=0.3092
19:49:32  Epoch 299/300  train=0.3807
19:49:32  Epoch 300/300  train=0.3152  val=1.2431  acc=0.707
19:49:32  Done. Best acc=0.747  weights → weights/eventnet_best.pt
